error[E0502]: cannot borrow `query` as mutable because it is also borrowed as immutable
  --> tests/ui/system_query_get_multiple_lifetime_safety.rs:8:14
   |
7  |     let a1 = query.get_multiple([*e, *e]).unwrap();
   |              ---------------------------- immutable borrow occurs here
8  |     let a2 = query.get_mut(*e).unwrap();
   |              ^^^^^^^^^^^^^^^^^ mutable borrow occurs here
9  |     // this should fail to compile
10 |     println!("{} {}", a1[0].0, a2.0);
   |                       ----- immutable borrow later used here
